// Jest Snapshot v1, https://goo.gl/fbAQLP

exports[`Pruebas en <FirstApp /> Debe hacer match con el snapshot 1`] = `
<div>
  <h1
    data-testid="test-title"
  >
     
    Hola, Soy Goku
     
  </h1>
  <h2>
    No hay Subtitulo
  </h2>
  <h2>
    No hay Subtitulo
  </h2>
  <h3>
    Juan Campuzano
  </h3>
</div>
`;
